Unpacking 1.21.8/server-1.21.8.jar (versions:1.21.8) to versions/1.21.8/server-1.21.8.jar
Unpacking com/fasterxml/jackson/core/jackson-annotations/2.13.4/jackson-annotations-2.13.4.jar (libraries:com.fasterxml.jackson.core:jackson-annotations:2.13.4) to libraries/com/fasterxml/jackson/core/jackson-annotations/2.13.4/jackson-annotations-2.13.4.jar
Unpacking com/fasterxml/jackson/core/jackson-core/2.13.4/jackson-core-2.13.4.jar (libraries:com.fasterxml.jackson.core:jackson-core:2.13.4) to libraries/com/fasterxml/jackson/core/jackson-core/2.13.4/jackson-core-2.13.4.jar
Unpacking com/fasterxml/jackson/core/jackson-databind/2.13.4.2/jackson-databind-2.13.4.2.jar (libraries:com.fasterxml.jackson.core:jackson-databind:2.13.4.2) to libraries/com/fasterxml/jackson/core/jackson-databind/2.13.4.2/jackson-databind-2.13.4.2.jar
Unpacking com/github/oshi/oshi-core/6.6.5/oshi-core-6.6.5.jar (libraries:com.github.oshi:oshi-core:6.6.5) to libraries/com/github/oshi/oshi-core/6.6.5/oshi-core-6.6.5.jar
Unpacking com/github/stephenc/jcip/jcip-annotations/1.0-1/jcip-annotations-1.0-1.jar (libraries:com.github.stephenc.jcip:jcip-annotations:1.0-1) to libraries/com/github/stephenc/jcip/jcip-annotations/1.0-1/jcip-annotations-1.0-1.jar
Unpacking com/google/code/gson/gson/2.11.0/gson-2.11.0.jar (libraries:com.google.code.gson:gson:2.11.0) to libraries/com/google/code/gson/gson/2.11.0/gson-2.11.0.jar
Unpacking com/google/guava/failureaccess/1.0.2/failureaccess-1.0.2.jar (libraries:com.google.guava:failureaccess:1.0.2) to libraries/com/google/guava/failureaccess/1.0.2/failureaccess-1.0.2.jar
Unpacking com/google/guava/guava/33.3.1-jre/guava-33.3.1-jre.jar (libraries:com.google.guava:guava:33.3.1-jre) to libraries/com/google/guava/guava/33.3.1-jre/guava-33.3.1-jre.jar
Unpacking com/microsoft/azure/msal4j/1.17.2/msal4j-1.17.2.jar (libraries:com.microsoft.azure:msal4j:1.17.2) to libraries/com/microsoft/azure/msal4j/1.17.2/msal4j-1.17.2.jar
Unpacking com/mojang/authlib/6.0.58/authlib-6.0.58.jar (libraries:com.mojang:authlib:6.0.58) to libraries/com/mojang/authlib/6.0.58/authlib-6.0.58.jar
Unpacking com/mojang/brigadier/1.3.10/brigadier-1.3.10.jar (libraries:com.mojang:brigadier:1.3.10) to libraries/com/mojang/brigadier/1.3.10/brigadier-1.3.10.jar
Unpacking com/mojang/datafixerupper/8.0.16/datafixerupper-8.0.16.jar (libraries:com.mojang:datafixerupper:8.0.16) to libraries/com/mojang/datafixerupper/8.0.16/datafixerupper-8.0.16.jar
Unpacking com/mojang/jtracy/1.0.29/jtracy-1.0.29.jar (libraries:com.mojang:jtracy:1.0.29) to libraries/com/mojang/jtracy/1.0.29/jtracy-1.0.29.jar
Unpacking com/mojang/logging/1.5.10/logging-1.5.10.jar (libraries:com.mojang:logging:1.5.10) to libraries/com/mojang/logging/1.5.10/logging-1.5.10.jar
Unpacking com/nimbusds/content-type/2.3/content-type-2.3.jar (libraries:com.nimbusds:content-type:2.3) to libraries/com/nimbusds/content-type/2.3/content-type-2.3.jar
Unpacking com/nimbusds/lang-tag/1.7/lang-tag-1.7.jar (libraries:com.nimbusds:lang-tag:1.7) to libraries/com/nimbusds/lang-tag/1.7/lang-tag-1.7.jar
Unpacking com/nimbusds/nimbus-jose-jwt/9.40/nimbus-jose-jwt-9.40.jar (libraries:com.nimbusds:nimbus-jose-jwt:9.40) to libraries/com/nimbusds/nimbus-jose-jwt/9.40/nimbus-jose-jwt-9.40.jar
Unpacking com/nimbusds/oauth2-oidc-sdk/11.18/oauth2-oidc-sdk-11.18.jar (libraries:com.nimbusds:oauth2-oidc-sdk:11.18) to libraries/com/nimbusds/oauth2-oidc-sdk/11.18/oauth2-oidc-sdk-11.18.jar
Unpacking commons-io/commons-io/2.17.0/commons-io-2.17.0.jar (libraries:commons-io:commons-io:2.17.0) to libraries/commons-io/commons-io/2.17.0/commons-io-2.17.0.jar
Unpacking io/netty/netty-buffer/4.1.118.Final/netty-buffer-4.1.118.Final.jar (libraries:io.netty:netty-buffer:4.1.118.Final) to libraries/io/netty/netty-buffer/4.1.118.Final/netty-buffer-4.1.118.Final.jar
Unpacking io/netty/netty-codec/4.1.118.Final/netty-codec-4.1.118.Final.jar (libraries:io.netty:netty-codec:4.1.118.Final) to libraries/io/netty/netty-codec/4.1.118.Final/netty-codec-4.1.118.Final.jar
Unpacking io/netty/netty-common/4.1.118.Final/netty-common-4.1.118.Final.jar (libraries:io.netty:netty-common:4.1.118.Final) to libraries/io/netty/netty-common/4.1.118.Final/netty-common-4.1.118.Final.jar
Unpacking io/netty/netty-handler/4.1.118.Final/netty-handler-4.1.118.Final.jar (libraries:io.netty:netty-handler:4.1.118.Final) to libraries/io/netty/netty-handler/4.1.118.Final/netty-handler-4.1.118.Final.jar
Unpacking io/netty/netty-resolver/4.1.118.Final/netty-resolver-4.1.118.Final.jar (libraries:io.netty:netty-resolver:4.1.118.Final) to libraries/io/netty/netty-resolver/4.1.118.Final/netty-resolver-4.1.118.Final.jar
Unpacking io/netty/netty-transport/4.1.118.Final/netty-transport-4.1.118.Final.jar (libraries:io.netty:netty-transport:4.1.118.Final) to libraries/io/netty/netty-transport/4.1.118.Final/netty-transport-4.1.118.Final.jar
Unpacking io/netty/netty-transport-classes-epoll/4.1.118.Final/netty-transport-classes-epoll-4.1.118.Final.jar (libraries:io.netty:netty-transport-classes-epoll:4.1.118.Final) to libraries/io/netty/netty-transport-classes-epoll/4.1.118.Final/netty-transport-classes-epoll-4.1.118.Final.jar
Unpacking io/netty/netty-transport-native-epoll/4.1.118.Final/netty-transport-native-epoll-4.1.118.Final-linux-x86_64.jar (libraries:io.netty:netty-transport-native-epoll:4.1.118.Final:linux-x86_64) to libraries/io/netty/netty-transport-native-epoll/4.1.118.Final/netty-transport-native-epoll-4.1.118.Final-linux-x86_64.jar
Unpacking io/netty/netty-transport-native-epoll/4.1.118.Final/netty-transport-native-epoll-4.1.118.Final-linux-aarch_64.jar (libraries:io.netty:netty-transport-native-epoll:4.1.118.Final:linux-aarch_64) to libraries/io/netty/netty-transport-native-epoll/4.1.118.Final/netty-transport-native-epoll-4.1.118.Final-linux-aarch_64.jar
Unpacking io/netty/netty-transport-native-unix-common/4.1.118.Final/netty-transport-native-unix-common-4.1.118.Final.jar (libraries:io.netty:netty-transport-native-unix-common:4.1.118.Final) to libraries/io/netty/netty-transport-native-unix-common/4.1.118.Final/netty-transport-native-unix-common-4.1.118.Final.jar
Unpacking it/unimi/dsi/fastutil/8.5.15/fastutil-8.5.15.jar (libraries:it.unimi.dsi:fastutil:8.5.15) to libraries/it/unimi/dsi/fastutil/8.5.15/fastutil-8.5.15.jar
Unpacking net/java/dev/jna/jna/5.15.0/jna-5.15.0.jar (libraries:net.java.dev.jna:jna:5.15.0) to libraries/net/java/dev/jna/jna/5.15.0/jna-5.15.0.jar
Unpacking net/java/dev/jna/jna-platform/5.15.0/jna-platform-5.15.0.jar (libraries:net.java.dev.jna:jna-platform:5.15.0) to libraries/net/java/dev/jna/jna-platform/5.15.0/jna-platform-5.15.0.jar
Unpacking net/minidev/accessors-smart/2.5.1/accessors-smart-2.5.1.jar (libraries:net.minidev:accessors-smart:2.5.1) to libraries/net/minidev/accessors-smart/2.5.1/accessors-smart-2.5.1.jar
Unpacking net/minidev/json-smart/2.5.1/json-smart-2.5.1.jar (libraries:net.minidev:json-smart:2.5.1) to libraries/net/minidev/json-smart/2.5.1/json-smart-2.5.1.jar
Unpacking net/sf/jopt-simple/jopt-simple/5.0.4/jopt-simple-5.0.4.jar (libraries:net.sf.jopt-simple:jopt-simple:5.0.4) to libraries/net/sf/jopt-simple/jopt-simple/5.0.4/jopt-simple-5.0.4.jar
Unpacking org/apache/commons/commons-lang3/3.17.0/commons-lang3-3.17.0.jar (libraries:org.apache.commons:commons-lang3:3.17.0) to libraries/org/apache/commons/commons-lang3/3.17.0/commons-lang3-3.17.0.jar
Unpacking org/apache/logging/log4j/log4j-api/2.24.1/log4j-api-2.24.1.jar (libraries:org.apache.logging.log4j:log4j-api:2.24.1) to libraries/org/apache/logging/log4j/log4j-api/2.24.1/log4j-api-2.24.1.jar
Unpacking org/apache/logging/log4j/log4j-core/2.24.1/log4j-core-2.24.1.jar (libraries:org.apache.logging.log4j:log4j-core:2.24.1) to libraries/org/apache/logging/log4j/log4j-core/2.24.1/log4j-core-2.24.1.jar
Unpacking org/apache/logging/log4j/log4j-slf4j2-impl/2.24.1/log4j-slf4j2-impl-2.24.1.jar (libraries:org.apache.logging.log4j:log4j-slf4j2-impl:2.24.1) to libraries/org/apache/logging/log4j/log4j-slf4j2-impl/2.24.1/log4j-slf4j2-impl-2.24.1.jar
Unpacking org/joml/joml/1.10.8/joml-1.10.8.jar (libraries:org.joml:joml:1.10.8) to libraries/org/joml/joml/1.10.8/joml-1.10.8.jar
Unpacking org/lz4/lz4-java/1.8.0/lz4-java-1.8.0.jar (libraries:org.lz4:lz4-java:1.8.0) to libraries/org/lz4/lz4-java/1.8.0/lz4-java-1.8.0.jar
Unpacking org/ow2/asm/asm/9.6/asm-9.6.jar (libraries:org.ow2.asm:asm:9.6) to libraries/org/ow2/asm/asm/9.6/asm-9.6.jar
Unpacking org/slf4j/slf4j-api/2.0.16/slf4j-api-2.0.16.jar (libraries:org.slf4j:slf4j-api:2.0.16) to libraries/org/slf4j/slf4j-api/2.0.16/slf4j-api-2.0.16.jar
Starting net.minecraft.server.Main
[23:54:57] [ServerMain/INFO]: Environment: Environment[sessionHost=https://sessionserver.mojang.com, servicesHost=https://api.minecraftservices.com, name=PROD]
[23:54:58] [ServerMain/INFO]: No existing world data, creating new world
[23:54:58] [ServerMain/ERROR]: No key layers in MapLike[{}]
[23:54:59] [ServerMain/INFO]: Loaded 1407 recipes
[23:54:59] [ServerMain/INFO]: Loaded 1520 advancements
[23:54:59] [Server thread/INFO]: Starting minecraft server version 1.21.8
[23:54:59] [Server thread/INFO]: Loading properties
[23:54:59] [Server thread/INFO]: Default game type: CREATIVE
[23:54:59] [Server thread/INFO]: Generating keypair
[23:54:59] [Server thread/INFO]: Starting Minecraft server on 127.0.0.1:25565
[23:54:59] [Server thread/INFO]: Using epoll channel type
[23:54:59] [Server thread/WARN]: **** SERVER IS RUNNING IN OFFLINE/INSECURE MODE!
[23:54:59] [Server thread/WARN]: The server will make no attempt to authenticate usernames. Beware.
[23:54:59] [Server thread/WARN]: While this makes the game possible to play without internet access, it also opens up the ability for hackers to connect with any username they choose.
[23:54:59] [Server thread/WARN]: To change this, set "online-mode" to "true" in the server.properties file.
[23:54:59] [Server thread/INFO]: Preparing level "s31a-ephemeral"
[23:55:00] [Server thread/INFO]: Preparing start region for dimension minecraft:overworld
[23:55:00] [Worker-Main-1/INFO]: Preparing spawn area: 2%
[23:55:00] [Server thread/INFO]: Time elapsed: 441 ms
[23:55:00] [Server thread/INFO]: Done (0.976s)! For help, type "help"
[23:55:01] [Server thread/INFO]: RelaySelf[/127.0.0.1:37862] logged in with entity id 1 at (-2.5, -60.0, 1.5)
[23:55:01] [Server thread/INFO]: RelaySelf joined the game
[23:55:01] [Server thread/INFO]: Gamerule doMobSpawning is now set to: false
[23:55:01] [Server thread/INFO]: Set the time to 18000
[23:55:01] [Server thread/INFO]: Summoned new Zombie
[23:55:03] [Server thread/INFO]: RelaySelf lost connection: Disconnected
[23:55:03] [Server thread/INFO]: RelaySelf left the game
[23:55:03] [Server thread/INFO]: Stopping the server
[23:55:04] [Server thread/INFO]: Stopping server
[23:55:04] [Server thread/INFO]: Saving players
[23:55:04] [Server thread/INFO]: Saving worlds
[23:55:04] [Server thread/INFO]: Saving chunks for level 'ServerLevel[s31a-ephemeral]'/minecraft:overworld
[23:55:05] [Server thread/INFO]: Saving chunks for level 'ServerLevel[s31a-ephemeral]'/minecraft:the_end
[23:55:05] [Server thread/INFO]: Saving chunks for level 'ServerLevel[s31a-ephemeral]'/minecraft:the_nether
[23:55:05] [Server thread/INFO]: ThreadedAnvilChunkStorage (s31a-ephemeral): All chunks are saved
[23:55:05] [Server thread/INFO]: ThreadedAnvilChunkStorage (DIM1): All chunks are saved
[23:55:05] [Server thread/INFO]: ThreadedAnvilChunkStorage (DIM-1): All chunks are saved
[23:55:05] [Server thread/INFO]: ThreadedAnvilChunkStorage: All dimensions are saved
